{
  "acquisition": [
    {
      "acqIndex": "1",
      "roi": [
        {
          "roiIndex": 1,
          "xBinning": 1,
          "xOrigin": 0,
          "xSize": 16,
          "yBinning": 4,
          "yOrigin": 0,
          "ySize": 4,
          "xData": [
            0.0,
            1.0,
            2.0,
            3.0,
            4.0,
            5.0,
            6.0,
            7.0,
            8.0,
            9.0,
            10.0,
            11.0,
            12.0,
            13.0,
            14.0,
            15.0
          ],
          "yData": [
            [
              1.0,
              2.0,
              3.0,
              4.0
            ]
          ]
        }
      ]
    }
  ],
  "timestamp": "replacedWithStaticString"
}
