{
  "acquisition": [
    {
      "acqIndex": 1,
      "roi": [
        {
          "roiIndex": 1,
          "xBinning": 1,
          "xOrigin": 0,
          "xSize": 1024,
          "xyData": [
            [
              0,
              607
            ],
            [
              1,
              606
            ],
            [
              2,
              608
            ],
            [
              3,
              606
            ],
            [
              4,
              610
            ],
            [
              5,
              607
            ],
            [
              6,
              605
            ],
            [
              7,
              607
            ],
            [
              8,
              608
            ],
            [
              9,
              604
            ],
            [
              10,
              606
            ],
            [
              11,
              609
            ],
            [
              12,
              606
            ],
            [
              13,
              605
            ],
            [
              14,
              605
            ],
            [
              15,
              607
            ],
            [
              16,
              607
            ],
            [
              17,
              605
            ],
            [
              18,
              607
            ],
            [
              19,
              608
            ],
            [
              20,
              605
            ],
            [
              21,
              606
            ],
            [
              22,
              608
            ],
            [
              23,
              607
            ],
            [
              24,
              608
            ],
            [
              25,
              609
            ],
            [
              26,
              608
            ],
            [
              27,
              605
            ],
            [
              28,
              608
            ],
            [
              29,
              606
            ],
            [
              30,
              606
            ],
            [
              31,
              606
            ],
            [
              32,
              606
            ],
            [
              33,
              606
            ],
            [
              34,
              607
            ],
            [
              35,
              607
            ],
            [
              36,
              605
            ],
            [
              37,
              609
            ],
            [
              38,
              607
            ],
            [
              39,
              605
            ],
            [
              40,
              604
            ],
            [
              41,
              605
            ],
            [
              42,
              608
            ],
            [
              43,
              606
            ],
            [
              44,
              606
            ],
            [
              45,
              606
            ],
            [
              46,
              606
            ],
            [
              47,
              608
            ],
            [
              48,
              607
            ],
            [
              49,
              606
            ],
            [
              50,
              606
            ],
            [
              51,
              605
            ],
            [
              52,
              607
            ],
            [
              53,
              609
            ],
            [
              54,
              605
            ],
            [
              55,
              606
            ],
            [
              56,
              604
            ],
            [
              57,
              608
            ],
            [
              58,
              605
            ],
            [
              59,
              610
            ],
            [
              60,
              606
            ],
            [
              61,
              606
            ],
            [
              62,
              607
            ],
            [
              63,
              610
            ],
            [
              64,
              610
            ],
            [
              65,
              607
            ],
            [
              66,
              605
            ],
            [
              67,
              609
            ],
            [
              68,
              607
            ],
            [
              69,
              606
            ],
            [
              70,
              607
            ],
            [
              71,
              606
            ],
            [
              72,
              608
            ],
            [
              73,
              609
            ],
            [
              74,
              607
            ],
            [
              75,
              607
            ],
            [
              76,
              606
            ],
            [
              77,
              609
            ],
            [
              78,
              605
            ],
            [
              79,
              607
            ],
            [
              80,
              609
            ],
            [
              81,
              604
            ],
            [
              82,
              607
            ],
            [
              83,
              610
            ],
            [
              84,
              606
            ],
            [
              85,
              606
            ],
            [
              86,
              606
            ],
            [
              87,
              610
            ],
            [
              88,
              608
            ],
            [
              89,
              605
            ],
            [
              90,
              607
            ],
            [
              91,
              606
            ],
            [
              92,
              607
            ],
            [
              93,
              607
            ],
            [
              94,
              609
            ],
            [
              95,
              606
            ],
            [
              96,
              607
            ],
            [
              97,
              607
            ],
            [
              98,
              606
            ],
            [
              99,
              608
            ],
            [
              100,
              609
            ],
            [
              101,
              608
            ],
            [
              102,
              606
            ],
            [
              103,
              606
            ],
            [
              104,
              609
            ],
            [
              105,
              605
            ],
            [
              106,
              607
            ],
            [
              107,
              608
            ],
            [
              108,
              608
            ],
            [
              109,
              606
            ],
            [
              110,
              606
            ],
            [
              111,
              603
            ],
            [
              112,
              606
            ],
            [
              113,
              606
            ],
            [
              114,
              609
            ],
            [
              115,
              609
            ],
            [
              116,
              607
            ],
            [
              117,
              608
            ],
            [
              118,
              608
            ],
            [
              119,
              608
            ],
            [
              120,
              608
            ],
            [
              121,
              607
            ],
            [
              122,
              608
            ],
            [
              123,
              608
            ],
            [
              124,
              606
            ],
            [
              125,
              606
            ],
            [
              126,
              604
            ],
            [
              127,
              608
            ],
            [
              128,
              606
            ],
            [
              129,
              608
            ],
            [
              130,
              608
            ],
            [
              131,
              606
            ],
            [
              132,
              608
            ],
            [
              133,
              608
            ],
            [
              134,
              611
            ],
            [
              135,
              608
            ],
            [
              136,
              606
            ],
            [
              137,
              608
            ],
            [
              138,
              606
            ],
            [
              139,
              606
            ],
            [
              140,
              604
            ],
            [
              141,
              606
            ],
            [
              142,
              607
            ],
            [
              143,
              609
            ],
            [
              144,
              605
            ],
            [
              145,
              609
            ],
            [
              146,
              608
            ],
            [
              147,
              608
            ],
            [
              148,
              608
            ],
            [
              149,
              610
            ],
            [
              150,
              607
            ],
            [
              151,
              605
            ],
            [
              152,
              608
            ],
            [
              153,
              606
            ],
            [
              154,
              607
            ],
            [
              155,
              609
            ],
            [
              156,
              605
            ],
            [
              157,
              607
            ],
            [
              158,
              608
            ],
            [
              159,
              606
            ],
            [
              160,
              603
            ],
            [
              161,
              606
            ],
            [
              162,
              609
            ],
            [
              163,
              608
            ],
            [
              164,
              608
            ],
            [
              165,
              611
            ],
            [
              166,
              606
            ],
            [
              167,
              607
            ],
            [
              168,
              607
            ],
            [
              169,
              608
            ],
            [
              170,
              606
            ],
            [
              171,
              606
            ],
            [
              172,
              605
            ],
            [
              173,
              606
            ],
            [
              174,
              606
            ],
            [
              175,
              609
            ],
            [
              176,
              608
            ],
            [
              177,
              607
            ],
            [
              178,
              608
            ],
            [
              179,
              610
            ],
            [
              180,
              603
            ],
            [
              181,
              607
            ],
            [
              182,
              607
            ],
            [
              183,
              609
            ],
            [
              184,
              606
            ],
            [
              185,
              605
            ],
            [
              186,
              607
            ],
            [
              187,
              608
            ],
            [
              188,
              605
            ],
            [
              189,
              607
            ],
            [
              190,
              609
            ],
            [
              191,
              608
            ],
            [
              192,
              607
            ],
            [
              193,
              609
            ],
            [
              194,
              607
            ],
            [
              195,
              606
            ],
            [
              196,
              607
            ],
            [
              197,
              608
            ],
            [
              198,
              608
            ],
            [
              199,
              610
            ],
            [
              200,
              607
            ],
            [
              201,
              609
            ],
            [
              202,
              608
            ],
            [
              203,
              607
            ],
            [
              204,
              609
            ],
            [
              205,
              610
            ],
            [
              206,
              606
            ],
            [
              207,
              606
            ],
            [
              208,
              607
            ],
            [
              209,
              606
            ],
            [
              210,
              606
            ],
            [
              211,
              609
            ],
            [
              212,
              609
            ],
            [
              213,
              607
            ],
            [
              214,
              606
            ],
            [
              215,
              605
            ],
            [
              216,
              609
            ],
            [
              217,
              606
            ],
            [
              218,
              606
            ],
            [
              219,
              606
            ],
            [
              220,
              606
            ],
            [
              221,
              607
            ],
            [
              222,
              609
            ],
            [
              223,
              607
            ],
            [
              224,
              606
            ],
            [
              225,
              608
            ],
            [
              226,
              607
            ],
            [
              227,
              606
            ],
            [
              228,
              608
            ],
            [
              229,
              608
            ],
            [
              230,
              608
            ],
            [
              231,
              607
            ],
            [
              232,
              608
            ],
            [
              233,
              606
            ],
            [
              234,
              608
            ],
            [
              235,
              607
            ],
            [
              236,
              607
            ],
            [
              237,
              606
            ],
            [
              238,
              609
            ],
            [
              239,
              607
            ],
            [
              240,
              609
            ],
            [
              241,
              611
            ],
            [
              242,
              608
            ],
            [
              243,
              605
            ],
            [
              244,
              607
            ],
            [
              245,
              609
            ],
            [
              246,
              608
            ],
            [
              247,
              605
            ],
            [
              248,
              608
            ],
            [
              249,
              608
            ],
            [
              250,
              604
            ],
            [
              251,
              607
            ],
            [
              252,
              610
            ],
            [
              253,
              609
            ],
            [
              254,
              611
            ],
            [
              255,
              607
            ],
            [
              256,
              608
            ],
            [
              257,
              608
            ],
            [
              258,
              608
            ],
            [
              259,
              610
            ],
            [
              260,
              606
            ],
            [
              261,
              609
            ],
            [
              262,
              607
            ],
            [
              263,
              606
            ],
            [
              264,
              607
            ],
            [
              265,
              607
            ],
            [
              266,
              605
            ],
            [
              267,
              608
            ],
            [
              268,
              609
            ],
            [
              269,
              608
            ],
            [
              270,
              606
            ],
            [
              271,
              606
            ],
            [
              272,
              606
            ],
            [
              273,
              610
            ],
            [
              274,
              607
            ],
            [
              275,
              608
            ],
            [
              276,
              605
            ],
            [
              277,
              606
            ],
            [
              278,
              610
            ],
            [
              279,
              607
            ],
            [
              280,
              607
            ],
            [
              281,
              607
            ],
            [
              282,
              609
            ],
            [
              283,
              608
            ],
            [
              284,
              610
            ],
            [
              285,
              608
            ],
            [
              286,
              609
            ],
            [
              287,
              608
            ],
            [
              288,
              607
            ],
            [
              289,
              608
            ],
            [
              290,
              608
            ],
            [
              291,
              607
            ],
            [
              292,
              610
            ],
            [
              293,
              609
            ],
            [
              294,
              607
            ],
            [
              295,
              608
            ],
            [
              296,
              609
            ],
            [
              297,
              611
            ],
            [
              298,
              609
            ],
            [
              299,
              606
            ],
            [
              300,
              609
            ],
            [
              301,
              605
            ],
            [
              302,
              610
            ],
            [
              303,
              607
            ],
            [
              304,
              608
            ],
            [
              305,
              607
            ],
            [
              306,
              610
            ],
            [
              307,
              608
            ],
            [
              308,
              606
            ],
            [
              309,
              607
            ],
            [
              310,
              611
            ],
            [
              311,
              606
            ],
            [
              312,
              607
            ],
            [
              313,
              606
            ],
            [
              314,
              606
            ],
            [
              315,
              607
            ],
            [
              316,
              608
            ],
            [
              317,
              608
            ],
            [
              318,
              610
            ],
            [
              319,
              609
            ],
            [
              320,
              611
            ],
            [
              321,
              607
            ],
            [
              322,
              607
            ],
            [
              323,
              608
            ],
            [
              324,
              608
            ],
            [
              325,
              608
            ],
            [
              326,
              607
            ],
            [
              327,
              609
            ],
            [
              328,
              605
            ],
            [
              329,
              608
            ],
            [
              330,
              609
            ],
            [
              331,
              609
            ],
            [
              332,
              609
            ],
            [
              333,
              610
            ],
            [
              334,
              606
            ],
            [
              335,
              608
            ],
            [
              336,
              609
            ],
            [
              337,
              609
            ],
            [
              338,
              606
            ],
            [
              339,
              608
            ],
            [
              340,
              610
            ],
            [
              341,
              608
            ],
            [
              342,
              609
            ],
            [
              343,
              605
            ],
            [
              344,
              610
            ],
            [
              345,
              604
            ],
            [
              346,
              609
            ],
            [
              347,
              608
            ],
            [
              348,
              608
            ],
            [
              349,
              609
            ],
            [
              350,
              609
            ],
            [
              351,
              607
            ],
            [
              352,
              607
            ],
            [
              353,
              608
            ],
            [
              354,
              606
            ],
            [
              355,
              608
            ],
            [
              356,
              608
            ],
            [
              357,
              610
            ],
            [
              358,
              609
            ],
            [
              359,
              608
            ],
            [
              360,
              609
            ],
            [
              361,
              608
            ],
            [
              362,
              607
            ],
            [
              363,
              608
            ],
            [
              364,
              608
            ],
            [
              365,
              609
            ],
            [
              366,
              608
            ],
            [
              367,
              606
            ],
            [
              368,
              609
            ],
            [
              369,
              609
            ],
            [
              370,
              606
            ],
            [
              371,
              606
            ],
            [
              372,
              609
            ],
            [
              373,
              608
            ],
            [
              374,
              608
            ],
            [
              375,
              608
            ],
            [
              376,
              608
            ],
            [
              377,
              608
            ],
            [
              378,
              609
            ],
            [
              379,
              607
            ],
            [
              380,
              609
            ],
            [
              381,
              608
            ],
            [
              382,
              609
            ],
            [
              383,
              607
            ],
            [
              384,
              607
            ],
            [
              385,
              610
            ],
            [
              386,
              606
            ],
            [
              387,
              610
            ],
            [
              388,
              610
            ],
            [
              389,
              608
            ],
            [
              390,
              609
            ],
            [
              391,
              610
            ],
            [
              392,
              606
            ],
            [
              393,
              607
            ],
            [
              394,
              608
            ],
            [
              395,
              608
            ],
            [
              396,
              607
            ],
            [
              397,
              609
            ],
            [
              398,
              608
            ],
            [
              399,
              611
            ],
            [
              400,
              609
            ],
            [
              401,
              608
            ],
            [
              402,
              607
            ],
            [
              403,
              608
            ],
            [
              404,
              610
            ],
            [
              405,
              607
            ],
            [
              406,
              609
            ],
            [
              407,
              605
            ],
            [
              408,
              605
            ],
            [
              409,
              606
            ],
            [
              410,
              611
            ],
            [
              411,
              609
            ],
            [
              412,
              606
            ],
            [
              413,
              607
            ],
            [
              414,
              605
            ],
            [
              415,
              608
            ],
            [
              416,
              606
            ],
            [
              417,
              608
            ],
            [
              418,
              606
            ],
            [
              419,
              608
            ],
            [
              420,
              608
            ],
            [
              421,
              607
            ],
            [
              422,
              606
            ],
            [
              423,
              608
            ],
            [
              424,
              607
            ],
            [
              425,
              610
            ],
            [
              426,
              608
            ],
            [
              427,
              606
            ],
            [
              428,
              606
            ],
            [
              429,
              607
            ],
            [
              430,
              607
            ],
            [
              431,
              606
            ],
            [
              432,
              605
            ],
            [
              433,
              609
            ],
            [
              434,
              607
            ],
            [
              435,
              609
            ],
            [
              436,
              607
            ],
            [
              437,
              608
            ],
            [
              438,
              607
            ],
            [
              439,
              609
            ],
            [
              440,
              609
            ],
            [
              441,
              609
            ],
            [
              442,
              607
            ],
            [
              443,
              606
            ],
            [
              444,
              610
            ],
            [
              445,
              607
            ],
            [
              446,
              606
            ],
            [
              447,
              608
            ],
            [
              448,
              606
            ],
            [
              449,
              609
            ],
            [
              450,
              607
            ],
            [
              451,
              606
            ],
            [
              452,
              609
            ],
            [
              453,
              608
            ],
            [
              454,
              607
            ],
            [
              455,
              607
            ],
            [
              456,
              611
            ],
            [
              457,
              612
            ],
            [
              458,
              607
            ],
            [
              459,
              605
            ],
            [
              460,
              608
            ],
            [
              461,
              609
            ],
            [
              462,
              608
            ],
            [
              463,
              611
            ],
            [
              464,
              609
            ],
            [
              465,
              608
            ],
            [
              466,
              610
            ],
            [
              467,
              609
            ],
            [
              468,
              608
            ],
            [
              469,
              608
            ],
            [
              470,
              611
            ],
            [
              471,
              607
            ],
            [
              472,
              607
            ],
            [
              473,
              607
            ],
            [
              474,
              605
            ],
            [
              475,
              608
            ],
            [
              476,
              607
            ],
            [
              477,
              608
            ],
            [
              478,
              610
            ],
            [
              479,
              612
            ],
            [
              480,
              607
            ],
            [
              481,
              606
            ],
            [
              482,
              607
            ],
            [
              483,
              604
            ],
            [
              484,
              609
            ],
            [
              485,
              606
            ],
            [
              486,
              607
            ],
            [
              487,
              609
            ],
            [
              488,
              610
            ],
            [
              489,
              608
            ],
            [
              490,
              608
            ],
            [
              491,
              607
            ],
            [
              492,
              610
            ],
            [
              493,
              609
            ],
            [
              494,
              607
            ],
            [
              495,
              607
            ],
            [
              496,
              610
            ],
            [
              497,
              609
            ],
            [
              498,
              609
            ],
            [
              499,
              606
            ],
            [
              500,
              607
            ],
            [
              501,
              606
            ],
            [
              502,
              609
            ],
            [
              503,
              608
            ],
            [
              504,
              606
            ],
            [
              505,
              607
            ],
            [
              506,
              611
            ],
            [
              507,
              606
            ],
            [
              508,
              611
            ],
            [
              509,
              606
            ],
            [
              510,
              608
            ],
            [
              511,
              608
            ],
            [
              512,
              607
            ],
            [
              513,
              608
            ],
            [
              514,
              609
            ],
            [
              515,
              609
            ],
            [
              516,
              607
            ],
            [
              517,
              609
            ],
            [
              518,
              605
            ],
            [
              519,
              607
            ],
            [
              520,
              609
            ],
            [
              521,
              610
            ],
            [
              522,
              608
            ],
            [
              523,
              609
            ],
            [
              524,
              605
            ],
            [
              525,
              609
            ],
            [
              526,
              607
            ],
            [
              527,
              608
            ],
            [
              528,
              608
            ],
            [
              529,
              612
            ],
            [
              530,
              608
            ],
            [
              531,
              609
            ],
            [
              532,
              605
            ],
            [
              533,
              605
            ],
            [
              534,
              607
            ],
            [
              535,
              608
            ],
            [
              536,
              606
            ],
            [
              537,
              605
            ],
            [
              538,
              607
            ],
            [
              539,
              607
            ],
            [
              540,
              609
            ],
            [
              541,
              610
            ],
            [
              542,
              607
            ],
            [
              543,
              608
            ],
            [
              544,
              608
            ],
            [
              545,
              608
            ],
            [
              546,
              609
            ],
            [
              547,
              608
            ],
            [
              548,
              609
            ],
            [
              549,
              606
            ],
            [
              550,
              608
            ],
            [
              551,
              608
            ],
            [
              552,
              606
            ],
            [
              553,
              605
            ],
            [
              554,
              609
            ],
            [
              555,
              608
            ],
            [
              556,
              607
            ],
            [
              557,
              608
            ],
            [
              558,
              607
            ],
            [
              559,
              608
            ],
            [
              560,
              609
            ],
            [
              561,
              607
            ],
            [
              562,
              609
            ],
            [
              563,
              604
            ],
            [
              564,
              607
            ],
            [
              565,
              607
            ],
            [
              566,
              608
            ],
            [
              567,
              607
            ],
            [
              568,
              607
            ],
            [
              569,
              607
            ],
            [
              570,
              607
            ],
            [
              571,
              609
            ],
            [
              572,
              609
            ],
            [
              573,
              606
            ],
            [
              574,
              610
            ],
            [
              575,
              608
            ],
            [
              576,
              606
            ],
            [
              577,
              606
            ],
            [
              578,
              610
            ],
            [
              579,
              605
            ],
            [
              580,
              610
            ],
            [
              581,
              608
            ],
            [
              582,
              609
            ],
            [
              583,
              605
            ],
            [
              584,
              607
            ],
            [
              585,
              610
            ],
            [
              586,
              606
            ],
            [
              587,
              607
            ],
            [
              588,
              609
            ],
            [
              589,
              609
            ],
            [
              590,
              608
            ],
            [
              591,
              606
            ],
            [
              592,
              613
            ],
            [
              593,
              611
            ],
            [
              594,
              606
            ],
            [
              595,
              609
            ],
            [
              596,
              607
            ],
            [
              597,
              606
            ],
            [
              598,
              606
            ],
            [
              599,
              610
            ],
            [
              600,
              607
            ],
            [
              601,
              609
            ],
            [
              602,
              608
            ],
            [
              603,
              606
            ],
            [
              604,
              606
            ],
            [
              605,
              609
            ],
            [
              606,
              607
            ],
            [
              607,
              608
            ],
            [
              608,
              609
            ],
            [
              609,
              608
            ],
            [
              610,
              612
            ],
            [
              611,
              606
            ],
            [
              612,
              608
            ],
            [
              613,
              602
            ],
            [
              614,
              607
            ],
            [
              615,
              605
            ],
            [
              616,
              606
            ],
            [
              617,
              606
            ],
            [
              618,
              609
            ],
            [
              619,
              608
            ],
            [
              620,
              607
            ],
            [
              621,
              608
            ],
            [
              622,
              609
            ],
            [
              623,
              609
            ],
            [
              624,
              606
            ],
            [
              625,
              608
            ],
            [
              626,
              605
            ],
            [
              627,
              608
            ],
            [
              628,
              605
            ],
            [
              629,
              607
            ],
            [
              630,
              608
            ],
            [
              631,
              607
            ],
            [
              632,
              607
            ],
            [
              633,
              610
            ],
            [
              634,
              607
            ],
            [
              635,
              606
            ],
            [
              636,
              605
            ],
            [
              637,
              607
            ],
            [
              638,
              606
            ],
            [
              639,
              606
            ],
            [
              640,
              608
            ],
            [
              641,
              610
            ],
            [
              642,
              608
            ],
            [
              643,
              608
            ],
            [
              644,
              607
            ],
            [
              645,
              606
            ],
            [
              646,
              606
            ],
            [
              647,
              608
            ],
            [
              648,
              609
            ],
            [
              649,
              609
            ],
            [
              650,
              605
            ],
            [
              651,
              609
            ],
            [
              652,
              606
            ],
            [
              653,
              607
            ],
            [
              654,
              607
            ],
            [
              655,
              605
            ],
            [
              656,
              609
            ],
            [
              657,
              607
            ],
            [
              658,
              607
            ],
            [
              659,
              608
            ],
            [
              660,
              608
            ],
            [
              661,
              608
            ],
            [
              662,
              607
            ],
            [
              663,
              606
            ],
            [
              664,
              608
            ],
            [
              665,
              609
            ],
            [
              666,
              605
            ],
            [
              667,
              605
            ],
            [
              668,
              608
            ],
            [
              669,
              607
            ],
            [
              670,
              610
            ],
            [
              671,
              607
            ],
            [
              672,
              608
            ],
            [
              673,
              607
            ],
            [
              674,
              608
            ],
            [
              675,
              609
            ],
            [
              676,
              608
            ],
            [
              677,
              609
            ],
            [
              678,
              609
            ],
            [
              679,
              608
            ],
            [
              680,
              608
            ],
            [
              681,
              607
            ],
            [
              682,
              604
            ],
            [
              683,
              608
            ],
            [
              684,
              606
            ],
            [
              685,
              608
            ],
            [
              686,
              608
            ],
            [
              687,
              608
            ],
            [
              688,
              607
            ],
            [
              689,
              606
            ],
            [
              690,
              606
            ],
            [
              691,
              608
            ],
            [
              692,
              607
            ],
            [
              693,
              604
            ],
            [
              694,
              607
            ],
            [
              695,
              607
            ],
            [
              696,
              610
            ],
            [
              697,
              608
            ],
            [
              698,
              607
            ],
            [
              699,
              605
            ],
            [
              700,
              610
            ],
            [
              701,
              608
            ],
            [
              702,
              608
            ],
            [
              703,
              605
            ],
            [
              704,
              607
            ],
            [
              705,
              609
            ],
            [
              706,
              607
            ],
            [
              707,
              605
            ],
            [
              708,
              608
            ],
            [
              709,
              607
            ],
            [
              710,
              605
            ],
            [
              711,
              604
            ],
            [
              712,
              610
            ],
            [
              713,
              608
            ],
            [
              714,
              605
            ],
            [
              715,
              610
            ],
            [
              716,
              609
            ],
            [
              717,
              609
            ],
            [
              718,
              606
            ],
            [
              719,
              609
            ],
            [
              720,
              608
            ],
            [
              721,
              607
            ],
            [
              722,
              605
            ],
            [
              723,
              608
            ],
            [
              724,
              607
            ],
            [
              725,
              605
            ],
            [
              726,
              606
            ],
            [
              727,
              607
            ],
            [
              728,
              609
            ],
            [
              729,
              607
            ],
            [
              730,
              607
            ],
            [
              731,
              608
            ],
            [
              732,
              605
            ],
            [
              733,
              607
            ],
            [
              734,
              607
            ],
            [
              735,
              610
            ],
            [
              736,
              607
            ],
            [
              737,
              609
            ],
            [
              738,
              610
            ],
            [
              739,
              609
            ],
            [
              740,
              609
            ],
            [
              741,
              606
            ],
            [
              742,
              608
            ],
            [
              743,
              607
            ],
            [
              744,
              608
            ],
            [
              745,
              607
            ],
            [
              746,
              606
            ],
            [
              747,
              608
            ],
            [
              748,
              606
            ],
            [
              749,
              606
            ],
            [
              750,
              607
            ],
            [
              751,
              605
            ],
            [
              752,
              606
            ],
            [
              753,
              607
            ],
            [
              754,
              606
            ],
            [
              755,
              607
            ],
            [
              756,
              608
            ],
            [
              757,
              607
            ],
            [
              758,
              611
            ],
            [
              759,
              609
            ],
            [
              760,
              607
            ],
            [
              761,
              605
            ],
            [
              762,
              606
            ],
            [
              763,
              607
            ],
            [
              764,
              607
            ],
            [
              765,
              607
            ],
            [
              766,
              607
            ],
            [
              767,
              610
            ],
            [
              768,
              608
            ],
            [
              769,
              609
            ],
            [
              770,
              608
            ],
            [
              771,
              605
            ],
            [
              772,
              608
            ],
            [
              773,
              607
            ],
            [
              774,
              605
            ],
            [
              775,
              607
            ],
            [
              776,
              603
            ],
            [
              777,
              608
            ],
            [
              778,
              607
            ],
            [
              779,
              610
            ],
            [
              780,
              608
            ],
            [
              781,
              606
            ],
            [
              782,
              608
            ],
            [
              783,
              610
            ],
            [
              784,
              607
            ],
            [
              785,
              606
            ],
            [
              786,
              607
            ],
            [
              787,
              606
            ],
            [
              788,
              607
            ],
            [
              789,
              609
            ],
            [
              790,
              608
            ],
            [
              791,
              608
            ],
            [
              792,
              609
            ],
            [
              793,
              607
            ],
            [
              794,
              609
            ],
            [
              795,
              607
            ],
            [
              796,
              611
            ],
            [
              797,
              609
            ],
            [
              798,
              607
            ],
            [
              799,
              610
            ],
            [
              800,
              610
            ],
            [
              801,
              606
            ],
            [
              802,
              606
            ],
            [
              803,
              606
            ],
            [
              804,
              607
            ],
            [
              805,
              606
            ],
            [
              806,
              607
            ],
            [
              807,
              606
            ],
            [
              808,
              608
            ],
            [
              809,
              607
            ],
            [
              810,
              606
            ],
            [
              811,
              607
            ],
            [
              812,
              608
            ],
            [
              813,
              608
            ],
            [
              814,
              605
            ],
            [
              815,
              607
            ],
            [
              816,
              607
            ],
            [
              817,
              607
            ],
            [
              818,
              609
            ],
            [
              819,
              609
            ],
            [
              820,
              602
            ],
            [
              821,
              606
            ],
            [
              822,
              608
            ],
            [
              823,
              606
            ],
            [
              824,
              608
            ],
            [
              825,
              610
            ],
            [
              826,
              607
            ],
            [
              827,
              607
            ],
            [
              828,
              605
            ],
            [
              829,
              606
            ],
            [
              830,
              607
            ],
            [
              831,
              608
            ],
            [
              832,
              608
            ],
            [
              833,
              606
            ],
            [
              834,
              608
            ],
            [
              835,
              611
            ],
            [
              836,
              606
            ],
            [
              837,
              607
            ],
            [
              838,
              608
            ],
            [
              839,
              609
            ],
            [
              840,
              607
            ],
            [
              841,
              609
            ],
            [
              842,
              606
            ],
            [
              843,
              608
            ],
            [
              844,
              605
            ],
            [
              845,
              609
            ],
            [
              846,
              604
            ],
            [
              847,
              606
            ],
            [
              848,
              604
            ],
            [
              849,
              608
            ],
            [
              850,
              606
            ],
            [
              851,
              608
            ],
            [
              852,
              604
            ],
            [
              853,
              607
            ],
            [
              854,
              609
            ],
            [
              855,
              605
            ],
            [
              856,
              605
            ],
            [
              857,
              607
            ],
            [
              858,
              607
            ],
            [
              859,
              606
            ],
            [
              860,
              607
            ],
            [
              861,
              606
            ],
            [
              862,
              607
            ],
            [
              863,
              605
            ],
            [
              864,
              605
            ],
            [
              865,
              607
            ],
            [
              866,
              608
            ],
            [
              867,
              605
            ],
            [
              868,
              608
            ],
            [
              869,
              607
            ],
            [
              870,
              608
            ],
            [
              871,
              607
            ],
            [
              872,
              607
            ],
            [
              873,
              607
            ],
            [
              874,
              607
            ],
            [
              875,
              608
            ],
            [
              876,
              607
            ],
            [
              877,
              607
            ],
            [
              878,
              610
            ],
            [
              879,
              609
            ],
            [
              880,
              607
            ],
            [
              881,
              608
            ],
            [
              882,
              607
            ],
            [
              883,
              607
            ],
            [
              884,
              606
            ],
            [
              885,
              610
            ],
            [
              886,
              611
            ],
            [
              887,
              607
            ],
            [
              888,
              604
            ],
            [
              889,
              605
            ],
            [
              890,
              607
            ],
            [
              891,
              606
            ],
            [
              892,
              607
            ],
            [
              893,
              608
            ],
            [
              894,
              608
            ],
            [
              895,
              608
            ],
            [
              896,
              606
            ],
            [
              897,
              606
            ],
            [
              898,
              605
            ],
            [
              899,
              608
            ],
            [
              900,
              606
            ],
            [
              901,
              608
            ],
            [
              902,
              605
            ],
            [
              903,
              608
            ],
            [
              904,
              608
            ],
            [
              905,
              607
            ],
            [
              906,
              606
            ],
            [
              907,
              606
            ],
            [
              908,
              609
            ],
            [
              909,
              607
            ],
            [
              910,
              608
            ],
            [
              911,
              607
            ],
            [
              912,
              609
            ],
            [
              913,
              606
            ],
            [
              914,
              609
            ],
            [
              915,
              610
            ],
            [
              916,
              606
            ],
            [
              917,
              605
            ],
            [
              918,
              609
            ],
            [
              919,
              606
            ],
            [
              920,
              604
            ],
            [
              921,
              607
            ],
            [
              922,
              607
            ],
            [
              923,
              608
            ],
            [
              924,
              605
            ],
            [
              925,
              608
            ],
            [
              926,
              606
            ],
            [
              927,
              605
            ],
            [
              928,
              605
            ],
            [
              929,
              609
            ],
            [
              930,
              605
            ],
            [
              931,
              606
            ],
            [
              932,
              606
            ],
            [
              933,
              607
            ],
            [
              934,
              609
            ],
            [
              935,
              607
            ],
            [
              936,
              607
            ],
            [
              937,
              607
            ],
            [
              938,
              609
            ],
            [
              939,
              606
            ],
            [
              940,
              607
            ],
            [
              941,
              608
            ],
            [
              942,
              607
            ],
            [
              943,
              607
            ],
            [
              944,
              611
            ],
            [
              945,
              607
            ],
            [
              946,
              606
            ],
            [
              947,
              607
            ],
            [
              948,
              609
            ],
            [
              949,
              609
            ],
            [
              950,
              609
            ],
            [
              951,
              607
            ],
            [
              952,
              605
            ],
            [
              953,
              608
            ],
            [
              954,
              605
            ],
            [
              955,
              606
            ],
            [
              956,
              606
            ],
            [
              957,
              609
            ],
            [
              958,
              604
            ],
            [
              959,
              605
            ],
            [
              960,
              608
            ],
            [
              961,
              605
            ],
            [
              962,
              608
            ],
            [
              963,
              608
            ],
            [
              964,
              607
            ],
            [
              965,
              608
            ],
            [
              966,
              607
            ],
            [
              967,
              612
            ],
            [
              968,
              606
            ],
            [
              969,
              608
            ],
            [
              970,
              607
            ],
            [
              971,
              608
            ],
            [
              972,
              608
            ],
            [
              973,
              607
            ],
            [
              974,
              607
            ],
            [
              975,
              609
            ],
            [
              976,
              608
            ],
            [
              977,
              608
            ],
            [
              978,
              610
            ],
            [
              979,
              607
            ],
            [
              980,
              608
            ],
            [
              981,
              606
            ],
            [
              982,
              606
            ],
            [
              983,
              604
            ],
            [
              984,
              606
            ],
            [
              985,
              607
            ],
            [
              986,
              605
            ],
            [
              987,
              609
            ],
            [
              988,
              607
            ],
            [
              989,
              606
            ],
            [
              990,
              606
            ],
            [
              991,
              611
            ],
            [
              992,
              607
            ],
            [
              993,
              607
            ],
            [
              994,
              608
            ],
            [
              995,
              609
            ],
            [
              996,
              605
            ],
            [
              997,
              607
            ],
            [
              998,
              604
            ],
            [
              999,
              609
            ],
            [
              1000,
              604
            ],
            [
              1001,
              602
            ],
            [
              1002,
              606
            ],
            [
              1003,
              607
            ],
            [
              1004,
              605
            ],
            [
              1005,
              607
            ],
            [
              1006,
              607
            ],
            [
              1007,
              604
            ],
            [
              1008,
              606
            ],
            [
              1009,
              607
            ],
            [
              1010,
              605
            ],
            [
              1011,
              606
            ],
            [
              1012,
              608
            ],
            [
              1013,
              607
            ],
            [
              1014,
              607
            ],
            [
              1015,
              605
            ],
            [
              1016,
              607
            ],
            [
              1017,
              609
            ],
            [
              1018,
              604
            ],
            [
              1019,
              608
            ],
            [
              1020,
              606
            ],
            [
              1021,
              607
            ],
            [
              1022,
              608
            ],
            [
              1023,
              605
            ]
          ],
          "yBinning": 256,
          "yOrigin": 0,
          "ySize": 256
        }
      ]
    }
  ],
  "timestamp": "2024.09.02 22:37:55.341"
}
