[
  {
    "acqIndex": 1,
    "roi": [
      {
        "roiIndex": 1,
        "xBinning": 1,
        "xOrigin": 0,
        "xSize": 1024,
        "xyData": [
          [
            0,
            2517
          ],
          [
            1,
            2490
          ],
          [
            2,
            2482
          ],
          [
            3,
            2503
          ],
          [
            4,
            2484
          ],
          [
            5,
            2500
          ],
          [
            6,
            2519
          ],
          [
            7,
            2507
          ],
          [
            8,
            2502
          ],
          [
            9,
            2486
          ],
          [
            10,
            2519
          ],
          [
            11,
            2499
          ],
          [
            12,
            2507
          ],
          [
            13,
            2493
          ],
          [
            14,
            2502
          ],
          [
            15,
            2502
          ],
          [
            16,
            2509
          ],
          [
            17,
            2507
          ],
          [
            18,
            2501
          ],
          [
            19,
            2525
          ],
          [
            20,
            2523
          ],
          [
            21,
            2511
          ],
          [
            22,
            2538
          ],
          [
            23,
            2500
          ],
          [
            24,
            2508
          ],
          [
            25,
            2506
          ],
          [
            26,
            2506
          ],
          [
            27,
            2505
          ],
          [
            28,
            2528
          ],
          [
            29,
            2509
          ],
          [
            30,
            2514
          ],
          [
            31,
            2515
          ],
          [
            32,
            2513
          ],
          [
            33,
            2481
          ],
          [
            34,
            2501
          ],
          [
            35,
            2500
          ],
          [
            36,
            2517
          ],
          [
            37,
            2526
          ],
          [
            38,
            2515
          ],
          [
            39,
            2496
          ],
          [
            40,
            2526
          ],
          [
            41,
            2515
          ],
          [
            42,
            2535
          ],
          [
            43,
            2527
          ],
          [
            44,
            2505
          ],
          [
            45,
            2527
          ],
          [
            46,
            2540
          ],
          [
            47,
            2519
          ],
          [
            48,
            2521
          ],
          [
            49,
            2542
          ],
          [
            50,
            2518
          ],
          [
            51,
            2528
          ],
          [
            52,
            2512
          ],
          [
            53,
            2519
          ],
          [
            54,
            2534
          ],
          [
            55,
            2537
          ],
          [
            56,
            2535
          ],
          [
            57,
            2510
          ],
          [
            58,
            2525
          ],
          [
            59,
            2540
          ],
          [
            60,
            2509
          ],
          [
            61,
            2527
          ],
          [
            62,
            2528
          ],
          [
            63,
            2523
          ],
          [
            64,
            2520
          ],
          [
            65,
            2548
          ],
          [
            66,
            2560
          ],
          [
            67,
            2546
          ],
          [
            68,
            2550
          ],
          [
            69,
            2537
          ],
          [
            70,
            2534
          ],
          [
            71,
            2536
          ],
          [
            72,
            2532
          ],
          [
            73,
            2535
          ],
          [
            74,
            2550
          ],
          [
            75,
            2532
          ],
          [
            76,
            2555
          ],
          [
            77,
            2558
          ],
          [
            78,
            2541
          ],
          [
            79,
            2531
          ],
          [
            80,
            2574
          ],
          [
            81,
            2551
          ],
          [
            82,
            2562
          ],
          [
            83,
            2552
          ],
          [
            84,
            2569
          ],
          [
            85,
            2551
          ],
          [
            86,
            2569
          ],
          [
            87,
            2582
          ],
          [
            88,
            2550
          ],
          [
            89,
            2570
          ],
          [
            90,
            2563
          ],
          [
            91,
            2586
          ],
          [
            92,
            2571
          ],
          [
            93,
            2578
          ],
          [
            94,
            2558
          ],
          [
            95,
            2561
          ],
          [
            96,
            2579
          ],
          [
            97,
            2590
          ],
          [
            98,
            2576
          ],
          [
            99,
            2578
          ],
          [
            100,
            2575
          ],
          [
            101,
            2590
          ],
          [
            102,
            2577
          ],
          [
            103,
            2612
          ],
          [
            104,
            2569
          ],
          [
            105,
            2580
          ],
          [
            106,
            2604
          ],
          [
            107,
            2620
          ],
          [
            108,
            2593
          ],
          [
            109,
            2594
          ],
          [
            110,
            2612
          ],
          [
            111,
            2613
          ],
          [
            112,
            2614
          ],
          [
            113,
            2604
          ],
          [
            114,
            2590
          ],
          [
            115,
            2627
          ],
          [
            116,
            2610
          ],
          [
            117,
            2653
          ],
          [
            118,
            2643
          ],
          [
            119,
            2606
          ],
          [
            120,
            2632
          ],
          [
            121,
            2624
          ],
          [
            122,
            2640
          ],
          [
            123,
            2624
          ],
          [
            124,
            2611
          ],
          [
            125,
            2642
          ],
          [
            126,
            2624
          ],
          [
            127,
            2647
          ],
          [
            128,
            2625
          ],
          [
            129,
            2648
          ],
          [
            130,
            2647
          ],
          [
            131,
            2636
          ],
          [
            132,
            2628
          ],
          [
            133,
            2646
          ],
          [
            134,
            2683
          ],
          [
            135,
            2656
          ],
          [
            136,
            2649
          ],
          [
            137,
            2664
          ],
          [
            138,
            2651
          ],
          [
            139,
            2640
          ],
          [
            140,
            2665
          ],
          [
            141,
            2649
          ],
          [
            142,
            2647
          ],
          [
            143,
            2653
          ],
          [
            144,
            2681
          ],
          [
            145,
            2674
          ],
          [
            146,
            2668
          ],
          [
            147,
            2692
          ],
          [
            148,
            2678
          ],
          [
            149,
            2688
          ],
          [
            150,
            2674
          ],
          [
            151,
            2688
          ],
          [
            152,
            2694
          ],
          [
            153,
            2699
          ],
          [
            154,
            2706
          ],
          [
            155,
            2691
          ],
          [
            156,
            2695
          ],
          [
            157,
            2696
          ],
          [
            158,
            2701
          ],
          [
            159,
            2721
          ],
          [
            160,
            2712
          ],
          [
            161,
            2706
          ],
          [
            162,
            2712
          ],
          [
            163,
            2715
          ],
          [
            164,
            2723
          ],
          [
            165,
            2713
          ],
          [
            166,
            2724
          ],
          [
            167,
            2708
          ],
          [
            168,
            2725
          ],
          [
            169,
            2735
          ],
          [
            170,
            2735
          ],
          [
            171,
            2726
          ],
          [
            172,
            2753
          ],
          [
            173,
            2738
          ],
          [
            174,
            2740
          ],
          [
            175,
            2750
          ],
          [
            176,
            2774
          ],
          [
            177,
            2733
          ],
          [
            178,
            2761
          ],
          [
            179,
            2741
          ],
          [
            180,
            2746
          ],
          [
            181,
            2755
          ],
          [
            182,
            2753
          ],
          [
            183,
            2752
          ],
          [
            184,
            2746
          ],
          [
            185,
            2758
          ],
          [
            186,
            2749
          ],
          [
            187,
            2770
          ],
          [
            188,
            2761
          ],
          [
            189,
            2756
          ],
          [
            190,
            2793
          ],
          [
            191,
            2786
          ],
          [
            192,
            2780
          ],
          [
            193,
            2800
          ],
          [
            194,
            2776
          ],
          [
            195,
            2786
          ],
          [
            196,
            2799
          ],
          [
            197,
            2807
          ],
          [
            198,
            2785
          ],
          [
            199,
            2787
          ],
          [
            200,
            2790
          ],
          [
            201,
            2807
          ],
          [
            202,
            2832
          ],
          [
            203,
            2814
          ],
          [
            204,
            2812
          ],
          [
            205,
            2824
          ],
          [
            206,
            2791
          ],
          [
            207,
            2811
          ],
          [
            208,
            2817
          ],
          [
            209,
            2804
          ],
          [
            210,
            2827
          ],
          [
            211,
            2848
          ],
          [
            212,
            2843
          ],
          [
            213,
            2840
          ],
          [
            214,
            2851
          ],
          [
            215,
            2838
          ],
          [
            216,
            2846
          ],
          [
            217,
            2845
          ],
          [
            218,
            2891
          ],
          [
            219,
            2848
          ],
          [
            220,
            2864
          ],
          [
            221,
            2870
          ],
          [
            222,
            2859
          ],
          [
            223,
            2888
          ],
          [
            224,
            2883
          ],
          [
            225,
            2891
          ],
          [
            226,
            2879
          ],
          [
            227,
            2878
          ],
          [
            228,
            2909
          ],
          [
            229,
            2889
          ],
          [
            230,
            2905
          ],
          [
            231,
            2905
          ],
          [
            232,
            2896
          ],
          [
            233,
            2908
          ],
          [
            234,
            2919
          ],
          [
            235,
            2917
          ],
          [
            236,
            2926
          ],
          [
            237,
            2914
          ],
          [
            238,
            2916
          ],
          [
            239,
            2913
          ],
          [
            240,
            2925
          ],
          [
            241,
            2921
          ],
          [
            242,
            2950
          ],
          [
            243,
            2942
          ],
          [
            244,
            2961
          ],
          [
            245,
            2957
          ],
          [
            246,
            2968
          ],
          [
            247,
            2975
          ],
          [
            248,
            2981
          ],
          [
            249,
            2975
          ],
          [
            250,
            2990
          ],
          [
            251,
            2972
          ],
          [
            252,
            2985
          ],
          [
            253,
            3006
          ],
          [
            254,
            2985
          ],
          [
            255,
            2998
          ],
          [
            256,
            3008
          ],
          [
            257,
            3002
          ],
          [
            258,
            3021
          ],
          [
            259,
            3015
          ],
          [
            260,
            3025
          ],
          [
            261,
            3025
          ],
          [
            262,
            3041
          ],
          [
            263,
            3034
          ],
          [
            264,
            3061
          ],
          [
            265,
            3025
          ],
          [
            266,
            3047
          ],
          [
            267,
            3070
          ],
          [
            268,
            3066
          ],
          [
            269,
            3077
          ],
          [
            270,
            3054
          ],
          [
            271,
            3080
          ],
          [
            272,
            3084
          ],
          [
            273,
            3114
          ],
          [
            274,
            3112
          ],
          [
            275,
            3108
          ],
          [
            276,
            3092
          ],
          [
            277,
            3119
          ],
          [
            278,
            3094
          ],
          [
            279,
            3128
          ],
          [
            280,
            3125
          ],
          [
            281,
            3121
          ],
          [
            282,
            3135
          ],
          [
            283,
            3121
          ],
          [
            284,
            3146
          ],
          [
            285,
            3162
          ],
          [
            286,
            3169
          ],
          [
            287,
            3185
          ],
          [
            288,
            3161
          ],
          [
            289,
            3203
          ],
          [
            290,
            3191
          ],
          [
            291,
            3229
          ],
          [
            292,
            3198
          ],
          [
            293,
            3255
          ],
          [
            294,
            3231
          ],
          [
            295,
            3231
          ],
          [
            296,
            3231
          ],
          [
            297,
            3268
          ],
          [
            298,
            3248
          ],
          [
            299,
            3258
          ],
          [
            300,
            3295
          ],
          [
            301,
            3314
          ],
          [
            302,
            3324
          ],
          [
            303,
            3334
          ],
          [
            304,
            3313
          ],
          [
            305,
            3334
          ],
          [
            306,
            3333
          ],
          [
            307,
            3333
          ],
          [
            308,
            3333
          ],
          [
            309,
            3363
          ],
          [
            310,
            3359
          ],
          [
            311,
            3384
          ],
          [
            312,
            3386
          ],
          [
            313,
            3404
          ],
          [
            314,
            3430
          ],
          [
            315,
            3423
          ],
          [
            316,
            3479
          ],
          [
            317,
            3471
          ],
          [
            318,
            3486
          ],
          [
            319,
            3490
          ],
          [
            320,
            3477
          ],
          [
            321,
            3504
          ],
          [
            322,
            3518
          ],
          [
            323,
            3542
          ],
          [
            324,
            3524
          ],
          [
            325,
            3541
          ],
          [
            326,
            3554
          ],
          [
            327,
            3555
          ],
          [
            328,
            3609
          ],
          [
            329,
            3585
          ],
          [
            330,
            3558
          ],
          [
            331,
            3597
          ],
          [
            332,
            3595
          ],
          [
            333,
            3618
          ],
          [
            334,
            3613
          ],
          [
            335,
            3645
          ],
          [
            336,
            3660
          ],
          [
            337,
            3698
          ],
          [
            338,
            3706
          ],
          [
            339,
            3717
          ],
          [
            340,
            3722
          ],
          [
            341,
            3761
          ],
          [
            342,
            3743
          ],
          [
            343,
            3781
          ],
          [
            344,
            3778
          ],
          [
            345,
            3814
          ],
          [
            346,
            3795
          ],
          [
            347,
            3833
          ],
          [
            348,
            3851
          ],
          [
            349,
            3863
          ],
          [
            350,
            3860
          ],
          [
            351,
            3867
          ],
          [
            352,
            3886
          ],
          [
            353,
            3885
          ],
          [
            354,
            3944
          ],
          [
            355,
            3977
          ],
          [
            356,
            3973
          ],
          [
            357,
            3997
          ],
          [
            358,
            4052
          ],
          [
            359,
            4035
          ],
          [
            360,
            4021
          ],
          [
            361,
            4073
          ],
          [
            362,
            4118
          ],
          [
            363,
            4128
          ],
          [
            364,
            4128
          ],
          [
            365,
            4133
          ],
          [
            366,
            4136
          ],
          [
            367,
            4173
          ],
          [
            368,
            4188
          ],
          [
            369,
            4186
          ],
          [
            370,
            4203
          ],
          [
            371,
            4218
          ],
          [
            372,
            4270
          ],
          [
            373,
            4295
          ],
          [
            374,
            4305
          ],
          [
            375,
            4316
          ],
          [
            376,
            4355
          ],
          [
            377,
            4397
          ],
          [
            378,
            4444
          ],
          [
            379,
            4410
          ],
          [
            380,
            4467
          ],
          [
            381,
            4504
          ],
          [
            382,
            4491
          ],
          [
            383,
            4536
          ],
          [
            384,
            4572
          ],
          [
            385,
            4594
          ],
          [
            386,
            4592
          ],
          [
            387,
            4674
          ],
          [
            388,
            4679
          ],
          [
            389,
            4716
          ],
          [
            390,
            4734
          ],
          [
            391,
            4769
          ],
          [
            392,
            4798
          ],
          [
            393,
            4822
          ],
          [
            394,
            4892
          ],
          [
            395,
            4896
          ],
          [
            396,
            4924
          ],
          [
            397,
            4953
          ],
          [
            398,
            5017
          ],
          [
            399,
            5013
          ],
          [
            400,
            5086
          ],
          [
            401,
            5124
          ],
          [
            402,
            5133
          ],
          [
            403,
            5159
          ],
          [
            404,
            5185
          ],
          [
            405,
            5232
          ],
          [
            406,
            5275
          ],
          [
            407,
            5303
          ],
          [
            408,
            5285
          ],
          [
            409,
            5313
          ],
          [
            410,
            5318
          ],
          [
            411,
            5335
          ],
          [
            412,
            5411
          ],
          [
            413,
            5427
          ],
          [
            414,
            5449
          ],
          [
            415,
            5521
          ],
          [
            416,
            5602
          ],
          [
            417,
            5620
          ],
          [
            418,
            5734
          ],
          [
            419,
            5878
          ],
          [
            420,
            5972
          ],
          [
            421,
            6101
          ],
          [
            422,
            6230
          ],
          [
            423,
            6265
          ],
          [
            424,
            6363
          ],
          [
            425,
            6410
          ],
          [
            426,
            6514
          ],
          [
            427,
            6492
          ],
          [
            428,
            6582
          ],
          [
            429,
            6650
          ],
          [
            430,
            6726
          ],
          [
            431,
            6728
          ],
          [
            432,
            6817
          ],
          [
            433,
            6935
          ],
          [
            434,
            7029
          ],
          [
            435,
            7249
          ],
          [
            436,
            7389
          ],
          [
            437,
            7672
          ],
          [
            438,
            7931
          ],
          [
            439,
            8224
          ],
          [
            440,
            8565
          ],
          [
            441,
            8866
          ],
          [
            442,
            9208
          ],
          [
            443,
            9693
          ],
          [
            444,
            10221
          ],
          [
            445,
            10748
          ],
          [
            446,
            11223
          ],
          [
            447,
            11742
          ],
          [
            448,
            12337
          ],
          [
            449,
            13023
          ],
          [
            450,
            14014
          ],
          [
            451,
            15080
          ],
          [
            452,
            16482
          ],
          [
            453,
            18242
          ],
          [
            454,
            21248
          ],
          [
            455,
            25505
          ],
          [
            456,
            32744
          ],
          [
            457,
            52615
          ],
          [
            458,
            52475
          ],
          [
            459,
            52496
          ],
          [
            460,
            52508
          ],
          [
            461,
            52532
          ],
          [
            462,
            52558
          ],
          [
            463,
            52556
          ],
          [
            464,
            52567
          ],
          [
            465,
            52572
          ],
          [
            466,
            52579
          ],
          [
            467,
            52563
          ],
          [
            468,
            52453
          ],
          [
            469,
            52169
          ],
          [
            470,
            51800
          ],
          [
            471,
            51497
          ],
          [
            472,
            51244
          ],
          [
            473,
            51035
          ],
          [
            474,
            50848
          ],
          [
            475,
            50706
          ],
          [
            476,
            50586
          ],
          [
            477,
            50634
          ],
          [
            478,
            52533
          ],
          [
            479,
            52490
          ],
          [
            480,
            52478
          ],
          [
            481,
            49817
          ],
          [
            482,
            32272
          ],
          [
            483,
            30512
          ],
          [
            484,
            28722
          ],
          [
            485,
            27190
          ],
          [
            486,
            25834
          ],
          [
            487,
            24666
          ],
          [
            488,
            24099
          ],
          [
            489,
            23485
          ],
          [
            490,
            23066
          ],
          [
            491,
            22789
          ],
          [
            492,
            22180
          ],
          [
            493,
            21716
          ],
          [
            494,
            21374
          ],
          [
            495,
            21053
          ],
          [
            496,
            20690
          ],
          [
            497,
            20622
          ],
          [
            498,
            20069
          ],
          [
            499,
            19427
          ],
          [
            500,
            19231
          ],
          [
            501,
            19084
          ],
          [
            502,
            18897
          ],
          [
            503,
            18502
          ],
          [
            504,
            18296
          ],
          [
            505,
            18293
          ],
          [
            506,
            18286
          ],
          [
            507,
            17911
          ],
          [
            508,
            17590
          ],
          [
            509,
            17513
          ],
          [
            510,
            17417
          ],
          [
            511,
            17353
          ],
          [
            512,
            17367
          ],
          [
            513,
            17316
          ],
          [
            514,
            17044
          ],
          [
            515,
            16702
          ],
          [
            516,
            16819
          ],
          [
            517,
            16803
          ],
          [
            518,
            16596
          ],
          [
            519,
            16209
          ],
          [
            520,
            15848
          ],
          [
            521,
            15691
          ],
          [
            522,
            15365
          ],
          [
            523,
            15006
          ],
          [
            524,
            14585
          ],
          [
            525,
            14359
          ],
          [
            526,
            14275
          ],
          [
            527,
            14083
          ],
          [
            528,
            13727
          ],
          [
            529,
            13395
          ],
          [
            530,
            13225
          ],
          [
            531,
            13122
          ],
          [
            532,
            13150
          ],
          [
            533,
            12997
          ],
          [
            534,
            12788
          ],
          [
            535,
            12509
          ],
          [
            536,
            12349
          ],
          [
            537,
            12048
          ],
          [
            538,
            11779
          ],
          [
            539,
            11542
          ],
          [
            540,
            11224
          ],
          [
            541,
            10969
          ],
          [
            542,
            10701
          ],
          [
            543,
            10533
          ],
          [
            544,
            10381
          ],
          [
            545,
            10288
          ],
          [
            546,
            10038
          ],
          [
            547,
            9725
          ],
          [
            548,
            9514
          ],
          [
            549,
            9307
          ],
          [
            550,
            9067
          ],
          [
            551,
            8989
          ],
          [
            552,
            8905
          ],
          [
            553,
            8576
          ],
          [
            554,
            8214
          ],
          [
            555,
            7863
          ],
          [
            556,
            7561
          ],
          [
            557,
            7279
          ],
          [
            558,
            7046
          ],
          [
            559,
            6950
          ],
          [
            560,
            6792
          ],
          [
            561,
            6672
          ],
          [
            562,
            6493
          ],
          [
            563,
            6355
          ],
          [
            564,
            6247
          ],
          [
            565,
            6168
          ],
          [
            566,
            6039
          ],
          [
            567,
            5970
          ],
          [
            568,
            5933
          ],
          [
            569,
            5837
          ],
          [
            570,
            5737
          ],
          [
            571,
            5624
          ],
          [
            572,
            5498
          ],
          [
            573,
            5462
          ],
          [
            574,
            5397
          ],
          [
            575,
            5251
          ],
          [
            576,
            5187
          ],
          [
            577,
            5162
          ],
          [
            578,
            5171
          ],
          [
            579,
            5005
          ],
          [
            580,
            4783
          ],
          [
            581,
            4525
          ],
          [
            582,
            4361
          ],
          [
            583,
            4222
          ],
          [
            584,
            4085
          ],
          [
            585,
            4010
          ],
          [
            586,
            3949
          ],
          [
            587,
            3876
          ],
          [
            588,
            3873
          ],
          [
            589,
            3833
          ],
          [
            590,
            3788
          ],
          [
            591,
            3778
          ],
          [
            592,
            3751
          ],
          [
            593,
            3728
          ],
          [
            594,
            3723
          ],
          [
            595,
            3703
          ],
          [
            596,
            3690
          ],
          [
            597,
            3677
          ],
          [
            598,
            3674
          ],
          [
            599,
            3659
          ],
          [
            600,
            3605
          ],
          [
            601,
            3556
          ],
          [
            602,
            3518
          ],
          [
            603,
            3442
          ],
          [
            604,
            3449
          ],
          [
            605,
            3393
          ],
          [
            606,
            3363
          ],
          [
            607,
            3329
          ],
          [
            608,
            3312
          ],
          [
            609,
            3317
          ],
          [
            610,
            3283
          ],
          [
            611,
            3262
          ],
          [
            612,
            3247
          ],
          [
            613,
            3268
          ],
          [
            614,
            3242
          ],
          [
            615,
            3240
          ],
          [
            616,
            3238
          ],
          [
            617,
            3243
          ],
          [
            618,
            3208
          ],
          [
            619,
            3229
          ],
          [
            620,
            3207
          ],
          [
            621,
            3203
          ],
          [
            622,
            3156
          ],
          [
            623,
            3151
          ],
          [
            624,
            3127
          ],
          [
            625,
            3104
          ],
          [
            626,
            3066
          ],
          [
            627,
            3075
          ],
          [
            628,
            3031
          ],
          [
            629,
            3013
          ],
          [
            630,
            3009
          ],
          [
            631,
            2999
          ],
          [
            632,
            2973
          ],
          [
            633,
            2971
          ],
          [
            634,
            2940
          ],
          [
            635,
            2954
          ],
          [
            636,
            2928
          ],
          [
            637,
            2932
          ],
          [
            638,
            2953
          ],
          [
            639,
            2928
          ],
          [
            640,
            2898
          ],
          [
            641,
            2928
          ],
          [
            642,
            2918
          ],
          [
            643,
            2899
          ],
          [
            644,
            2912
          ],
          [
            645,
            2925
          ],
          [
            646,
            2886
          ],
          [
            647,
            2869
          ],
          [
            648,
            2882
          ],
          [
            649,
            2858
          ],
          [
            650,
            2853
          ],
          [
            651,
            2853
          ],
          [
            652,
            2817
          ],
          [
            653,
            2793
          ],
          [
            654,
            2810
          ],
          [
            655,
            2788
          ],
          [
            656,
            2770
          ],
          [
            657,
            2795
          ],
          [
            658,
            2793
          ],
          [
            659,
            2768
          ],
          [
            660,
            2750
          ],
          [
            661,
            2772
          ],
          [
            662,
            2758
          ],
          [
            663,
            2763
          ],
          [
            664,
            2741
          ],
          [
            665,
            2762
          ],
          [
            666,
            2743
          ],
          [
            667,
            2753
          ],
          [
            668,
            2731
          ],
          [
            669,
            2740
          ],
          [
            670,
            2740
          ],
          [
            671,
            2723
          ],
          [
            672,
            2726
          ],
          [
            673,
            2729
          ],
          [
            674,
            2701
          ],
          [
            675,
            2682
          ],
          [
            676,
            2689
          ],
          [
            677,
            2703
          ],
          [
            678,
            2665
          ],
          [
            679,
            2678
          ],
          [
            680,
            2646
          ],
          [
            681,
            2657
          ],
          [
            682,
            2647
          ],
          [
            683,
            2632
          ],
          [
            684,
            2649
          ],
          [
            685,
            2611
          ],
          [
            686,
            2647
          ],
          [
            687,
            2613
          ],
          [
            688,
            2624
          ],
          [
            689,
            2664
          ],
          [
            690,
            2626
          ],
          [
            691,
            2671
          ],
          [
            692,
            2636
          ],
          [
            693,
            2618
          ],
          [
            694,
            2593
          ],
          [
            695,
            2619
          ],
          [
            696,
            2598
          ],
          [
            697,
            2610
          ],
          [
            698,
            2610
          ],
          [
            699,
            2632
          ],
          [
            700,
            2597
          ],
          [
            701,
            2625
          ],
          [
            702,
            2571
          ],
          [
            703,
            2576
          ],
          [
            704,
            2574
          ],
          [
            705,
            2574
          ],
          [
            706,
            2571
          ],
          [
            707,
            2583
          ],
          [
            708,
            2583
          ],
          [
            709,
            2560
          ],
          [
            710,
            2562
          ],
          [
            711,
            2557
          ],
          [
            712,
            2558
          ],
          [
            713,
            2583
          ],
          [
            714,
            2563
          ],
          [
            715,
            2569
          ],
          [
            716,
            2560
          ],
          [
            717,
            2562
          ],
          [
            718,
            2535
          ],
          [
            719,
            2566
          ],
          [
            720,
            2552
          ],
          [
            721,
            2539
          ],
          [
            722,
            2547
          ],
          [
            723,
            2560
          ],
          [
            724,
            2536
          ],
          [
            725,
            2546
          ],
          [
            726,
            2508
          ],
          [
            727,
            2537
          ],
          [
            728,
            2537
          ],
          [
            729,
            2517
          ],
          [
            730,
            2545
          ],
          [
            731,
            2536
          ],
          [
            732,
            2526
          ],
          [
            733,
            2519
          ],
          [
            734,
            2532
          ],
          [
            735,
            2519
          ],
          [
            736,
            2522
          ],
          [
            737,
            2510
          ],
          [
            738,
            2509
          ],
          [
            739,
            2532
          ],
          [
            740,
            2527
          ],
          [
            741,
            2505
          ],
          [
            742,
            2490
          ],
          [
            743,
            2510
          ],
          [
            744,
            2520
          ],
          [
            745,
            2518
          ],
          [
            746,
            2510
          ],
          [
            747,
            2511
          ],
          [
            748,
            2503
          ],
          [
            749,
            2528
          ],
          [
            750,
            2532
          ],
          [
            751,
            2520
          ],
          [
            752,
            2516
          ],
          [
            753,
            2511
          ],
          [
            754,
            2500
          ],
          [
            755,
            2491
          ],
          [
            756,
            2495
          ],
          [
            757,
            2497
          ],
          [
            758,
            2523
          ],
          [
            759,
            2522
          ],
          [
            760,
            2503
          ],
          [
            761,
            2508
          ],
          [
            762,
            2490
          ],
          [
            763,
            2493
          ],
          [
            764,
            2502
          ],
          [
            765,
            2499
          ],
          [
            766,
            2522
          ],
          [
            767,
            2502
          ],
          [
            768,
            2488
          ],
          [
            769,
            2472
          ],
          [
            770,
            2496
          ],
          [
            771,
            2505
          ],
          [
            772,
            2495
          ],
          [
            773,
            2513
          ],
          [
            774,
            2501
          ],
          [
            775,
            2516
          ],
          [
            776,
            2500
          ],
          [
            777,
            2528
          ],
          [
            778,
            2500
          ],
          [
            779,
            2514
          ],
          [
            780,
            2509
          ],
          [
            781,
            2517
          ],
          [
            782,
            2495
          ],
          [
            783,
            2492
          ],
          [
            784,
            2511
          ],
          [
            785,
            2526
          ],
          [
            786,
            2499
          ],
          [
            787,
            2512
          ],
          [
            788,
            2494
          ],
          [
            789,
            2501
          ],
          [
            790,
            2503
          ],
          [
            791,
            2494
          ],
          [
            792,
            2506
          ],
          [
            793,
            2512
          ],
          [
            794,
            2515
          ],
          [
            795,
            2495
          ],
          [
            796,
            2499
          ],
          [
            797,
            2529
          ],
          [
            798,
            2498
          ],
          [
            799,
            2511
          ],
          [
            800,
            2505
          ],
          [
            801,
            2481
          ],
          [
            802,
            2496
          ],
          [
            803,
            2507
          ],
          [
            804,
            2523
          ],
          [
            805,
            2487
          ],
          [
            806,
            2497
          ],
          [
            807,
            2508
          ],
          [
            808,
            2506
          ],
          [
            809,
            2518
          ],
          [
            810,
            2496
          ],
          [
            811,
            2499
          ],
          [
            812,
            2512
          ],
          [
            813,
            2499
          ],
          [
            814,
            2518
          ],
          [
            815,
            2493
          ],
          [
            816,
            2482
          ],
          [
            817,
            2510
          ],
          [
            818,
            2503
          ],
          [
            819,
            2509
          ],
          [
            820,
            2526
          ],
          [
            821,
            2516
          ],
          [
            822,
            2506
          ],
          [
            823,
            2517
          ],
          [
            824,
            2505
          ],
          [
            825,
            2528
          ],
          [
            826,
            2500
          ],
          [
            827,
            2512
          ],
          [
            828,
            2524
          ],
          [
            829,
            2528
          ],
          [
            830,
            2521
          ],
          [
            831,
            2502
          ],
          [
            832,
            2517
          ],
          [
            833,
            2512
          ],
          [
            834,
            2521
          ],
          [
            835,
            2513
          ],
          [
            836,
            2516
          ],
          [
            837,
            2534
          ],
          [
            838,
            2520
          ],
          [
            839,
            2521
          ],
          [
            840,
            2537
          ],
          [
            841,
            2509
          ],
          [
            842,
            2529
          ],
          [
            843,
            2504
          ],
          [
            844,
            2515
          ],
          [
            845,
            2536
          ],
          [
            846,
            2506
          ],
          [
            847,
            2523
          ],
          [
            848,
            2526
          ],
          [
            849,
            2514
          ],
          [
            850,
            2545
          ],
          [
            851,
            2536
          ],
          [
            852,
            2519
          ],
          [
            853,
            2540
          ],
          [
            854,
            2512
          ],
          [
            855,
            2529
          ],
          [
            856,
            2534
          ],
          [
            857,
            2517
          ],
          [
            858,
            2520
          ],
          [
            859,
            2522
          ],
          [
            860,
            2533
          ],
          [
            861,
            2531
          ],
          [
            862,
            2533
          ],
          [
            863,
            2521
          ],
          [
            864,
            2533
          ],
          [
            865,
            2534
          ],
          [
            866,
            2550
          ],
          [
            867,
            2540
          ],
          [
            868,
            2549
          ],
          [
            869,
            2558
          ],
          [
            870,
            2522
          ],
          [
            871,
            2537
          ],
          [
            872,
            2543
          ],
          [
            873,
            2526
          ],
          [
            874,
            2527
          ],
          [
            875,
            2542
          ],
          [
            876,
            2517
          ],
          [
            877,
            2527
          ],
          [
            878,
            2512
          ],
          [
            879,
            2504
          ],
          [
            880,
            2527
          ],
          [
            881,
            2538
          ],
          [
            882,
            2532
          ],
          [
            883,
            2527
          ],
          [
            884,
            2542
          ],
          [
            885,
            2533
          ],
          [
            886,
            2513
          ],
          [
            887,
            2509
          ],
          [
            888,
            2519
          ],
          [
            889,
            2528
          ],
          [
            890,
            2521
          ],
          [
            891,
            2519
          ],
          [
            892,
            2527
          ],
          [
            893,
            2525
          ],
          [
            894,
            2508
          ],
          [
            895,
            2533
          ],
          [
            896,
            2542
          ],
          [
            897,
            2539
          ],
          [
            898,
            2494
          ],
          [
            899,
            2515
          ],
          [
            900,
            2527
          ],
          [
            901,
            2538
          ],
          [
            902,
            2547
          ],
          [
            903,
            2538
          ],
          [
            904,
            2534
          ],
          [
            905,
            2514
          ],
          [
            906,
            2531
          ],
          [
            907,
            2523
          ],
          [
            908,
            2525
          ],
          [
            909,
            2535
          ],
          [
            910,
            2526
          ],
          [
            911,
            2524
          ],
          [
            912,
            2502
          ],
          [
            913,
            2517
          ],
          [
            914,
            2532
          ],
          [
            915,
            2512
          ],
          [
            916,
            2527
          ],
          [
            917,
            2540
          ],
          [
            918,
            2514
          ],
          [
            919,
            2518
          ],
          [
            920,
            2540
          ],
          [
            921,
            2551
          ],
          [
            922,
            2534
          ],
          [
            923,
            2537
          ],
          [
            924,
            2517
          ],
          [
            925,
            2524
          ],
          [
            926,
            2510
          ],
          [
            927,
            2506
          ],
          [
            928,
            2531
          ],
          [
            929,
            2520
          ],
          [
            930,
            2519
          ],
          [
            931,
            2503
          ],
          [
            932,
            2523
          ],
          [
            933,
            2507
          ],
          [
            934,
            2535
          ],
          [
            935,
            2506
          ],
          [
            936,
            2505
          ],
          [
            937,
            2546
          ],
          [
            938,
            2518
          ],
          [
            939,
            2539
          ],
          [
            940,
            2516
          ],
          [
            941,
            2525
          ],
          [
            942,
            2539
          ],
          [
            943,
            2539
          ],
          [
            944,
            2539
          ],
          [
            945,
            2529
          ],
          [
            946,
            2525
          ],
          [
            947,
            2548
          ],
          [
            948,
            2516
          ],
          [
            949,
            2539
          ],
          [
            950,
            2552
          ],
          [
            951,
            2552
          ],
          [
            952,
            2548
          ],
          [
            953,
            2519
          ],
          [
            954,
            2536
          ],
          [
            955,
            2541
          ],
          [
            956,
            2560
          ],
          [
            957,
            2517
          ],
          [
            958,
            2526
          ],
          [
            959,
            2523
          ],
          [
            960,
            2511
          ],
          [
            961,
            2549
          ],
          [
            962,
            2549
          ],
          [
            963,
            2558
          ],
          [
            964,
            2553
          ],
          [
            965,
            2566
          ],
          [
            966,
            2550
          ],
          [
            967,
            2541
          ],
          [
            968,
            2550
          ],
          [
            969,
            2567
          ],
          [
            970,
            2576
          ],
          [
            971,
            2526
          ],
          [
            972,
            2577
          ],
          [
            973,
            2520
          ],
          [
            974,
            2536
          ],
          [
            975,
            2549
          ],
          [
            976,
            2551
          ],
          [
            977,
            2557
          ],
          [
            978,
            2568
          ],
          [
            979,
            2555
          ],
          [
            980,
            2575
          ],
          [
            981,
            2526
          ],
          [
            982,
            2572
          ],
          [
            983,
            2571
          ],
          [
            984,
            2596
          ],
          [
            985,
            2575
          ],
          [
            986,
            2548
          ],
          [
            987,
            2576
          ],
          [
            988,
            2544
          ],
          [
            989,
            2543
          ],
          [
            990,
            2576
          ],
          [
            991,
            2573
          ],
          [
            992,
            2554
          ],
          [
            993,
            2565
          ],
          [
            994,
            2574
          ],
          [
            995,
            2567
          ],
          [
            996,
            2570
          ],
          [
            997,
            2577
          ],
          [
            998,
            2566
          ],
          [
            999,
            2582
          ],
          [
            1000,
            2577
          ],
          [
            1001,
            2586
          ],
          [
            1002,
            2589
          ],
          [
            1003,
            2563
          ],
          [
            1004,
            2590
          ],
          [
            1005,
            2577
          ],
          [
            1006,
            2565
          ],
          [
            1007,
            2590
          ],
          [
            1008,
            2558
          ],
          [
            1009,
            2598
          ],
          [
            1010,
            2594
          ],
          [
            1011,
            2605
          ],
          [
            1012,
            2573
          ],
          [
            1013,
            2577
          ],
          [
            1014,
            2608
          ],
          [
            1015,
            2597
          ],
          [
            1016,
            2597
          ],
          [
            1017,
            2578
          ],
          [
            1018,
            2595
          ],
          [
            1019,
            2586
          ],
          [
            1020,
            2584
          ],
          [
            1021,
            2601
          ],
          [
            1022,
            2578
          ],
          [
            1023,
            2611
          ]
        ],
        "yBinning": 256,
        "yOrigin": 0,
        "ySize": 256
      }
    ]
  }
]
